===============================================
ğŸ® Cá»œ CARO ONLINE - FOLLOW THIS CHECKLIST
===============================================

âœ… STEP 1: SETUP (Run once)
===============================================
$ python setup.py

What it does:
  - Creates account: player1 / 123456
  - Creates account: player2 / 123456
  - Saves to users.json

Expected output:
  âœ… Táº¡o account máº·c Ä‘á»‹nh:
     player1 / 123456
     player2 / 123456
  âœ… Sáºµn sÃ ng!


âœ… STEP 2: VERIFY (Optional)
===============================================
$ python verify.py

What it does:
  - Checks all files exist
  - Checks imports work
  - Checks port 9999 available
  - Checks accounts created

Expected output:
  âœ“ server/server.py
  âœ“ online/online_game.py
  âœ“ offline/login.py
  âœ“ ... (all files OK)
  âœ… SETUP VERIFICATION COMPLETE!


âœ… STEP 3: START SERVER (Terminal 1)
===============================================
$ python server/server.py

What it does:
  - Binds to port 9999
  - Waits for clients to connect
  - Pairs 2 clients automatically
  - Broadcasts game moves

Expected output:
  ============================================================
  ğŸ® Cá»œ CARO ONLINE SERVER
  ============================================================
  [HH:MM:SS] Server cháº¡y táº¡i: 0.0.0.0:9999
  [HH:MM:SS] MÃ¡y cÃ¹ng LAN káº¿t ná»‘i: 192.168.X.X:9999
  [HH:MM:SS] MÃ¡y local káº¿t ná»‘i: 127.0.0.1:9999
  ============================================================

âš ï¸  Don't close this terminal! Leave it running.


âœ… STEP 4: START CLIENT 1 (Terminal 2)
===============================================
$ python client1.py

What it does:
  - Auto-login as player1
  - Connects to server
  - Shows "Chá» Ä‘á»‘i thá»§..." (waiting for opponent)

Expected output:
  Tkinter window will open with:
  - Title: "Cá» Caro Online"
  - 20x20 board (grid of buttons)
  - Status: "â³ Chá» Ä‘á»‘i thá»§..."

Server terminal should show:
  [HH:MM:SS] âœ“ Client má»›i tá»« (127.0.0.1, XXXXX)

âš ï¸  Don't close this either!


âœ… STEP 5: START CLIENT 2 (Terminal 3)
===============================================
$ python client2.py

What it does:
  - Auto-login as player2
  - Connects to server
  - Game automatically starts

Expected output:
  - Second Tkinter window opens
  - Status on client 1: "âœ‹ Tá»šI LÆ¯á»¢T Báº N (X)"
  - Status on client 2: "â³ Chá» player1"

Server terminal should show:
  [HH:MM:SS] âœ“ Client má»›i tá»« (127.0.0.1, XXXXX)
  [HH:MM:SS] GhÃ©p cáº·p: player1 vs player2


âœ… STEP 6: PLAY!
===============================================

What to do:
  1. On Client 1 window: Click any square on the board
  2. Watch the quÃ¢n (piece) appear on BOTH windows
  3. Client 2 window status changes to "âœ‹ Tá»šI LÆ¯á»¢T Báº N"
  4. On Client 2 window: Click another square
  5. Keep playing until someone gets 5 in a row!

Win conditions:
  - 5 pieces in a ROW (horizontal)
  - 5 pieces in a COLUMN (vertical)
  - 5 pieces DIAGONAL (any diagonal)

When someone wins:
  - Status shows: "ğŸ‰ Báº N THáº®NG!" or "ğŸ˜¢ Báº¡n Thua"
  - Messagebox shows result
  - Click "VÃ¡n tiáº¿p theo" to play again


âœ… STEP 7: PLAY AGAIN OR QUIT
===============================================

After game ends, you can:

Play another game:
  - Click "ğŸ”„ VÃ¡n tiáº¿p theo" button
  - Server will start a new game

Go back to home:
  - Click "ğŸ  Quay láº¡i" button
  - Server will disconnect you

Stop the game:
  - Click "â¸ Dá»«ng" button
  - Game pauses (not implemented yet)

Quit application:
  - Click "âŒ ThoÃ¡t" button
  - All windows close


âš ï¸  TROUBLESHOOTING
===============================================

PROBLEM: "Connection refused"
SOLUTION: Make sure Terminal 1 is running "python server/server.py"

PROBLEM: "Chá» Ä‘á»‘i thá»§..." forever (doesn't pair)
SOLUTION: Open Terminal 3 to start Client 2

PROBLEM: Client 1 and Client 2 don't see each other's moves
SOLUTION: 
  - Check server terminal for errors
  - Restart server and clients
  - Make sure using 127.0.0.1:9999

PROBLEM: "ChÆ°a tá»›i lÆ°á»£t báº¡n!" when clicking
SOLUTION: Wait for opponent to move (check status bar)

PROBLEM: Can't create account or login
SOLUTION: 
  - Run "python setup.py" to reset
  - Or manually edit users.json

PROBLEM: "Port 9999 is in use"
SOLUTION:
  - Kill other processes using port 9999
  - Or change port in config.json (then restart all)


ğŸ“Š TERMINAL GUIDE
===============================================

You will need 3 terminals open:

Terminal 1: python server/server.py
  [22:39:52] âœ“ Client má»›i tá»« (127.0.0.1, 12345)
  [22:39:53] GhÃ©p cáº·p: player1 vs player2
  [22:39:55] player1 (X) Ä‘Ã¡nh: (10, 10)
  [22:39:57] player2 (O) Ä‘Ã¡nh: (11, 10)
  [22:40:00] player1 (X) THáº®NG!

Terminal 2: python client1.py
  (Tkinter window with board)

Terminal 3: python client2.py
  (Another Tkinter window with board)


âœ¨ SUCCESS INDICATORS
===============================================

âœ… Server shows: "Server cháº¡y táº¡i: 0.0.0.0:9999"
âœ… Both clients connected: "GhÃ©p cáº·p: player1 vs player2"
âœ… Click square â†’ quÃ¢n appears on both boards
âœ… Turn alternates between players
âœ… Win condition detected
âœ… Status bar shows correct turn
âœ… "VÃ¡n tiáº¿p theo" button works

If all above are true: ğŸ‰ YOU'RE READY!


ğŸš€ QUICK COMMAND SUMMARY
===============================================

# One-time setup
python setup.py

# Verify everything is OK
python verify.py

# Terminal 1 - Server
python server/server.py

# Terminal 2 - Client 1
python client1.py

# Terminal 3 - Client 2
python client2.py

# All done! Play the game! ğŸ®


ğŸ¯ NEXT STEPS
===============================================

1. Try playing a few games locally (127.0.0.1:9999)

2. If happy with local version, try LAN:
   - Edit config.json
   - Change "127.0.0.1" to server's LAN IP
   - Run on different machine

3. Report any bugs or issues

4. Enjoy! ğŸ‰


===============================================
Created: 2024
Status: âœ… READY TO PLAY
===============================================
